[      53ms] [INFO] %cDownload the React DevTools for a better development experience: https://reactjs.org/link/react-devtools font-weight:bold @ http://localhost:5000/@fs/C:/pdfxxx/node_modules/.vite/deps/chunk-UB74AMW5.js?v=d18d386d:21608
[ 1005894ms] [ERROR] [vite] ReferenceError: SplitSquareHorizontal is not defined
    at http://localhost:5000/src/lib/tools.ts?t=1780133337887:531:11 @ http://localhost:5000/@vite/client:808
[ 1005894ms] [ERROR] [vite] Failed to reload /src/pages/pricing.tsx. This could be due to syntax errors or importing non-existent modules. (see errors above) @ http://localhost:5000/@vite/client:808
[ 1005894ms] [ERROR] [vite] ReferenceError: SplitSquareHorizontal is not defined
    at http://localhost:5000/src/lib/tools.ts?t=1780133337887:531:11 @ http://localhost:5000/@vite/client:808
[ 1005894ms] [ERROR] [vite] Failed to reload /src/components/navbar.tsx. This could be due to syntax errors or importing non-existent modules. (see errors above) @ http://localhost:5000/@vite/client:808
[ 1005894ms] [INFO] [hmr] /src/components/tool-card.tsx failed to apply HMR as it's within a circular import. Reloading page to reset the execution order. To debug and break the circular import, you can run `vite --debug hmr` to log the circular dependency path if a file change triggered it. @ http://localhost:5000/@vite/client:817
[ 1005894ms] [ERROR] [vite] ReferenceError: SplitSquareHorizontal is not defined
    at http://localhost:5000/src/lib/tools.ts?t=1780133337887:531:11 @ http://localhost:5000/@vite/client:808
[ 1005894ms] [ERROR] [vite] Failed to reload /src/components/tool-card.tsx. This could be due to syntax errors or importing non-existent modules. (see errors above) @ http://localhost:5000/@vite/client:808
[ 1005894ms] [INFO] [hmr] /src/pages/tool-page.tsx failed to apply HMR as it's within a circular import. Reloading page to reset the execution order. To debug and break the circular import, you can run `vite --debug hmr` to log the circular dependency path if a file change triggered it. @ http://localhost:5000/@vite/client:817
[ 1005895ms] [ERROR] [vite] ReferenceError: SplitSquareHorizontal is not defined
    at http://localhost:5000/src/lib/tools.ts?t=1780133337887:531:11 @ http://localhost:5000/@vite/client:808
[ 1005895ms] [ERROR] [vite] Failed to reload /src/pages/tool-page.tsx. This could be due to syntax errors or importing non-existent modules. (see errors above) @ http://localhost:5000/@vite/client:808
[ 1005895ms] [ERROR] [vite] ReferenceError: SplitSquareHorizontal is not defined
    at http://localhost:5000/src/lib/tools.ts?t=1780133337887:531:11 @ http://localhost:5000/@vite/client:808
[ 1005895ms] [ERROR] [vite] Failed to reload /src/components/footer.tsx. This could be due to syntax errors or importing non-existent modules. (see errors above) @ http://localhost:5000/@vite/client:808
[ 1005895ms] [INFO] [hmr] /src/pages/home.tsx failed to apply HMR as it's within a circular import. Reloading page to reset the execution order. To debug and break the circular import, you can run `vite --debug hmr` to log the circular dependency path if a file change triggered it. @ http://localhost:5000/@vite/client:817
[ 1005895ms] [ERROR] [vite] ReferenceError: SplitSquareHorizontal is not defined
    at http://localhost:5000/src/lib/tools.ts?t=1780133337887:531:11 @ http://localhost:5000/@vite/client:808
[ 1005895ms] [ERROR] [vite] Failed to reload /src/pages/home.tsx. This could be due to syntax errors or importing non-existent modules. (see errors above) @ http://localhost:5000/@vite/client:808
[ 1006033ms] [INFO] %cDownload the React DevTools for a better development experience: https://reactjs.org/link/react-devtools font-weight:bold @ http://localhost:5000/@fs/C:/pdfxxx/node_modules/.vite/deps/chunk-UB74AMW5.js?v=d18d386d:21608
[ 1006041ms] ReferenceError: SplitSquareHorizontal is not defined
    at http://localhost:5000/src/lib/tools.ts?t=1780133337887:531:11
[ 1019752ms] [INFO] %cDownload the React DevTools for a better development experience: https://reactjs.org/link/react-devtools font-weight:bold @ http://localhost:5000/@fs/C:/pdfxxx/node_modules/.vite/deps/chunk-UB74AMW5.js?v=d18d386d:21608
[ 1319251ms] [ERROR] Failed to load resource: net::ERR_CONNECTION_REFUSED @ http://localhost:5000/src/pages/tool-page.tsx?t=1780133649240:0
[ 1319251ms] [INFO] [hmr] /src/pages/tool-page.tsx failed to apply HMR as it's within a circular import. Reloading page to reset the execution order. To debug and break the circular import, you can run `vite --debug hmr` to log the circular dependency path if a file change triggered it. @ http://localhost:5000/@vite/client:817
[ 1319251ms] [ERROR] [vite] Failed to reload /src/pages/tool-page.tsx. This could be due to syntax errors or importing non-existent modules. (see errors above) @ http://localhost:5000/@vite/client:808
